// Jest Snapshot v1, https://goo.gl/fbAQLP

exports[`Should test UserAvatar Component render and match snapshot 1`] = `
<Image
  style={
    Array [
      Object {
        "height": 64,
        "width": 64,
      },
    ]
  }
/>
`;
